  Determinando los proyectos que se van a restaurar...
  Todos los proyectos est├ín actualizados para la restauraci├│n.
Z:\insti\Proyecto - copia\Servicio pcs\InventariAgentSvc\InventariAgentSvc\Services\SimpleFileLogger.cs(40,17): warning CS8767: La nulabilidad de los tipos de referencia del tipo de par├ímetro"exception" de "void SimpleFileLogger.Log<TState>(LogLevel logLevel, EventId eventId, TState state, Exception exception, Func<TState, Exception, string> formatter)" no coincide con el miembro "void ILogger.Log<TState>(LogLevel logLevel, EventId eventId, TState state, Exception? exception, Func<TState, Exception?, string> formatter)" implementado de forma impl├¡cita (posiblemente debido a los atributos de nulabilidad). [Z:\insti\Proyecto - copia\Servicio pcs\InventariAgentSvc\InventariAgentSvc\InventariAgentSvc.csproj]
Z:\insti\Proyecto - copia\Servicio pcs\InventariAgentSvc\InventariAgentSvc\Services\SimpleFileLogger.cs(36,24): warning CS8633: La nulabilidad de las restricciones del par├ímetro de tipo "TState" del m├®todo "SimpleFileLogger.BeginScope<TState>(TState)" no coincide con las restricciones del par├ímetro de tipo "TState" del m├®todo de interfaz "ILogger.BeginScope<TState>(TState)". Considere usar una implementaci├│n de interfaz expl├¡cita en su lugar. [Z:\insti\Proyecto - copia\Servicio pcs\InventariAgentSvc\InventariAgentSvc\InventariAgentSvc.csproj]
Z:\insti\Proyecto - copia\Servicio pcs\InventariAgentSvc\InventariAgentSvc\Services\SimpleFileLogger.cs(36,60): warning CS8603: Posible tipo de valor devuelto de referencia nulo. [Z:\insti\Proyecto - copia\Servicio pcs\InventariAgentSvc\InventariAgentSvc\InventariAgentSvc.csproj]
Z:\insti\Proyecto - copia\Servicio pcs\InventariAgentSvc\InventariAgentSvc\Services\SimpleFileLogger.cs(57,43): warning CS8604: Posible argumento de referencia nulo para el par├ímetro "path" en "DirectoryInfo Directory.CreateDirectory(string path)". [Z:\insti\Proyecto - copia\Servicio pcs\InventariAgentSvc\InventariAgentSvc\InventariAgentSvc.csproj]
Z:\insti\Proyecto - copia\Servicio pcs\InventariAgentSvc\InventariAgentSvc\Services\AppBlocker.cs(118,13): error CS0103: El nombre 'appCategory' no existe en el contexto actual [Z:\insti\Proyecto - copia\Servicio pcs\InventariAgentSvc\InventariAgentSvc\InventariAgentSvc.csproj]
Z:\insti\Proyecto - copia\Servicio pcs\InventariAgentSvc\InventariAgentSvc\Services\AppBlocker.cs(120,43): error CS0103: El nombre 'appCategory' no existe en el contexto actual [Z:\insti\Proyecto - copia\Servicio pcs\InventariAgentSvc\InventariAgentSvc\InventariAgentSvc.csproj]
Z:\insti\Proyecto - copia\Servicio pcs\InventariAgentSvc\InventariAgentSvc\Services\AppBlocker.cs(126,114): error CS0103: El nombre 'appCategory' no existe en el contexto actual [Z:\insti\Proyecto - copia\Servicio pcs\InventariAgentSvc\InventariAgentSvc\InventariAgentSvc.csproj]
Z:\insti\Proyecto - copia\Servicio pcs\InventariAgentSvc\InventariAgentSvc\Services\AppBlocker.cs(135,55): error CS0103: El nombre 'appCategory' no existe en el contexto actual [Z:\insti\Proyecto - copia\Servicio pcs\InventariAgentSvc\InventariAgentSvc\InventariAgentSvc.csproj]
Z:\insti\Proyecto - copia\Servicio pcs\InventariAgentSvc\InventariAgentSvc\Program.cs(131,35): warning CS8604: Posible argumento de referencia nulo para el par├ímetro "path" en "DirectoryInfo Directory.CreateDirectory(string path)". [Z:\insti\Proyecto - copia\Servicio pcs\InventariAgentSvc\InventariAgentSvc\InventariAgentSvc.csproj]
Z:\insti\Proyecto - copia\Servicio pcs\InventariAgentSvc\InventariAgentSvc\Services\AppBlocker.cs(293,30): warning CS8602: Desreferencia de una referencia posiblemente NULL. [Z:\insti\Proyecto - copia\Servicio pcs\InventariAgentSvc\InventariAgentSvc\InventariAgentSvc.csproj]
Z:\insti\Proyecto - copia\Servicio pcs\InventariAgentSvc\InventariAgentSvc\Services\MetricsCollector.cs(143,29): warning CA1416: Se puede acceder a este sitio de llamada en todas las plataformas. "PerformanceCounter" solo se admite en 'windows'. (https://learn.microsoft.com/dotnet/fundamentals/code-analysis/quality-rules/ca1416) [Z:\insti\Proyecto - copia\Servicio pcs\InventariAgentSvc\InventariAgentSvc\InventariAgentSvc.csproj]
Z:\insti\Proyecto - copia\Servicio pcs\InventariAgentSvc\InventariAgentSvc\Services\MetricsCollector.cs(160,20): warning CA1416: Se puede acceder a este sitio de llamada en todas las plataformas. "PerformanceCounter.NextValue()" solo se admite en 'windows'. (https://learn.microsoft.com/dotnet/fundamentals/code-analysis/quality-rules/ca1416) [Z:\insti\Proyecto - copia\Servicio pcs\InventariAgentSvc\InventariAgentSvc\InventariAgentSvc.csproj]
Z:\insti\Proyecto - copia\Servicio pcs\InventariAgentSvc\InventariAgentSvc\Services\MetricsCollector.cs(144,13): warning CA1416: Se puede acceder a este sitio de llamada en todas las plataformas. "PerformanceCounter.NextValue()" solo se admite en 'windows'. (https://learn.microsoft.com/dotnet/fundamentals/code-analysis/quality-rules/ca1416) [Z:\insti\Proyecto - copia\Servicio pcs\InventariAgentSvc\InventariAgentSvc\InventariAgentSvc.csproj]
Z:\insti\Proyecto - copia\Servicio pcs\InventariAgentSvc\InventariAgentSvc\Services\MetricsCollector.cs(159,29): warning CA1416: Se puede acceder a este sitio de llamada en todas las plataformas. "PerformanceCounter" solo se admite en 'windows'. (https://learn.microsoft.com/dotnet/fundamentals/code-analysis/quality-rules/ca1416) [Z:\insti\Proyecto - copia\Servicio pcs\InventariAgentSvc\InventariAgentSvc\InventariAgentSvc.csproj]
Z:\insti\Proyecto - copia\Servicio pcs\InventariAgentSvc\InventariAgentSvc\Services\MetricsCollector.cs(146,20): warning CA1416: Se puede acceder a este sitio de llamada en todas las plataformas. "PerformanceCounter.NextValue()" solo se admite en 'windows'. (https://learn.microsoft.com/dotnet/fundamentals/code-analysis/quality-rules/ca1416) [Z:\insti\Proyecto - copia\Servicio pcs\InventariAgentSvc\InventariAgentSvc\InventariAgentSvc.csproj]
Z:\insti\Proyecto - copia\Servicio pcs\InventariAgentSvc\InventariAgentSvc\Services\ProcessSnapshotper.cs(79,33): warning CA1416: Se puede acceder a este sitio de llamada en todas las plataformas. "ManagementObjectSearcher.Get()" solo se admite en 'windows'. (https://learn.microsoft.com/dotnet/fundamentals/code-analysis/quality-rules/ca1416) [Z:\insti\Proyecto - copia\Servicio pcs\InventariAgentSvc\InventariAgentSvc\InventariAgentSvc.csproj]
Z:\insti\Proyecto - copia\Servicio pcs\InventariAgentSvc\InventariAgentSvc\Services\ProcessSnapshotper.cs(81,37): warning CA1416: Se puede acceder a este sitio de llamada en todas las plataformas. "ManagementObject" solo se admite en 'windows'. (https://learn.microsoft.com/dotnet/fundamentals/code-analysis/quality-rules/ca1416) [Z:\insti\Proyecto - copia\Servicio pcs\InventariAgentSvc\InventariAgentSvc\InventariAgentSvc.csproj]
Z:\insti\Proyecto - copia\Servicio pcs\InventariAgentSvc\InventariAgentSvc\Services\ProcessSnapshotper.cs(76,34): warning CA1416: Se puede acceder a este sitio de llamada en todas las plataformas. "ManagementObjectSearcher" solo se admite en 'windows'. (https://learn.microsoft.com/dotnet/fundamentals/code-analysis/quality-rules/ca1416) [Z:\insti\Proyecto - copia\Servicio pcs\InventariAgentSvc\InventariAgentSvc\InventariAgentSvc.csproj]
Z:\insti\Proyecto - copia\Servicio pcs\InventariAgentSvc\InventariAgentSvc\Services\ProcessSnapshotper.cs(84,17): warning CA1416: Se puede acceder a este sitio de llamada en todas las plataformas. "ManagementObject.InvokeMethod(string, object[])" solo se admite en 'windows'. (https://learn.microsoft.com/dotnet/fundamentals/code-analysis/quality-rules/ca1416) [Z:\insti\Proyecto - copia\Servicio pcs\InventariAgentSvc\InventariAgentSvc\InventariAgentSvc.csproj]
Z:\insti\Proyecto - copia\Servicio pcs\InventariAgentSvc\InventariAgentSvc\Program.cs(29,1): warning CA1416: Se puede acceder a este sitio de llamada en todas las plataformas. "AppBlocker" solo se admite en 'windows'. (https://learn.microsoft.com/dotnet/fundamentals/code-analysis/quality-rules/ca1416) [Z:\insti\Proyecto - copia\Servicio pcs\InventariAgentSvc\InventariAgentSvc\InventariAgentSvc.csproj]
Z:\insti\Proyecto - copia\Servicio pcs\InventariAgentSvc\InventariAgentSvc\Services\FirebaseClient.cs(156,31): warning CA1416: Se puede acceder a este sitio de llamada en todas las plataformas. "ManagementBaseObject.this[string]" solo se admite en 'windows'. (https://learn.microsoft.com/dotnet/fundamentals/code-analysis/quality-rules/ca1416) [Z:\insti\Proyecto - copia\Servicio pcs\InventariAgentSvc\InventariAgentSvc\InventariAgentSvc.csproj]
Z:\insti\Proyecto - copia\Servicio pcs\InventariAgentSvc\InventariAgentSvc\Services\FirebaseClient.cs(132,27): warning CA1416: Se puede acceder a este sitio de llamada en todas las plataformas. "ManagementBaseObject.this[string]" solo se admite en 'windows'. (https://learn.microsoft.com/dotnet/fundamentals/code-analysis/quality-rules/ca1416) [Z:\insti\Proyecto - copia\Servicio pcs\InventariAgentSvc\InventariAgentSvc\InventariAgentSvc.csproj]
Z:\insti\Proyecto - copia\Servicio pcs\InventariAgentSvc\InventariAgentSvc\Services\FirebaseClient.cs(136,32): warning CA1416: Se puede acceder a este sitio de llamada en todas las plataformas. "ManagementObjectSearcher" solo se admite en 'windows'. (https://learn.microsoft.com/dotnet/fundamentals/code-analysis/quality-rules/ca1416) [Z:\insti\Proyecto - copia\Servicio pcs\InventariAgentSvc\InventariAgentSvc\InventariAgentSvc.csproj]
Z:\insti\Proyecto - copia\Servicio pcs\InventariAgentSvc\InventariAgentSvc\Services\FirebaseClient.cs(129,34): warning CA1416: Se puede acceder a este sitio de llamada en todas las plataformas. "ManagementObjectSearcher" solo se admite en 'windows'. (https://learn.microsoft.com/dotnet/fundamentals/code-analysis/quality-rules/ca1416) [Z:\insti\Proyecto - copia\Servicio pcs\InventariAgentSvc\InventariAgentSvc\InventariAgentSvc.csproj]
Z:\insti\Proyecto - copia\Servicio pcs\InventariAgentSvc\InventariAgentSvc\Services\FirebaseClient.cs(139,39): warning CA1416: Se puede acceder a este sitio de llamada en todas las plataformas. "ManagementBaseObject.this[string]" solo se admite en 'windows'. (https://learn.microsoft.com/dotnet/fundamentals/code-analysis/quality-rules/ca1416) [Z:\insti\Proyecto - copia\Servicio pcs\InventariAgentSvc\InventariAgentSvc\InventariAgentSvc.csproj]
Z:\insti\Proyecto - copia\Servicio pcs\InventariAgentSvc\InventariAgentSvc\Services\FirebaseClient.cs(153,49): warning CA1416: Se puede acceder a este sitio de llamada en todas las plataformas. "ManagementObjectSearcher.Get()" solo se admite en 'windows'. (https://learn.microsoft.com/dotnet/fundamentals/code-analysis/quality-rules/ca1416) [Z:\insti\Proyecto - copia\Servicio pcs\InventariAgentSvc\InventariAgentSvc\InventariAgentSvc.csproj]
Z:\insti\Proyecto - copia\Servicio pcs\InventariAgentSvc\InventariAgentSvc\Services\FirebaseClient.cs(130,49): warning CA1416: Se puede acceder a este sitio de llamada en todas las plataformas. "ManagementObjectSearcher.Get()" solo se admite en 'windows'. (https://learn.microsoft.com/dotnet/fundamentals/code-analysis/quality-rules/ca1416) [Z:\insti\Proyecto - copia\Servicio pcs\InventariAgentSvc\InventariAgentSvc\InventariAgentSvc.csproj]
Z:\insti\Proyecto - copia\Servicio pcs\InventariAgentSvc\InventariAgentSvc\Services\FirebaseClient.cs(123,49): warning CA1416: Se puede acceder a este sitio de llamada en todas las plataformas. "ManagementObjectSearcher.Get()" solo se admite en 'windows'. (https://learn.microsoft.com/dotnet/fundamentals/code-analysis/quality-rules/ca1416) [Z:\insti\Proyecto - copia\Servicio pcs\InventariAgentSvc\InventariAgentSvc\InventariAgentSvc.csproj]
Z:\insti\Proyecto - copia\Servicio pcs\InventariAgentSvc\InventariAgentSvc\Services\FirebaseClient.cs(152,41): warning CA1416: Se puede acceder a este sitio de llamada en todas las plataformas. "ManagementObjectSearcher" solo se admite en 'windows'. (https://learn.microsoft.com/dotnet/fundamentals/code-analysis/quality-rules/ca1416) [Z:\insti\Proyecto - copia\Servicio pcs\InventariAgentSvc\InventariAgentSvc\InventariAgentSvc.csproj]
Z:\insti\Proyecto - copia\Servicio pcs\InventariAgentSvc\InventariAgentSvc\Services\FirebaseClient.cs(155,31): warning CA1416: Se puede acceder a este sitio de llamada en todas las plataformas. "ManagementBaseObject.this[string]" solo se admite en 'windows'. (https://learn.microsoft.com/dotnet/fundamentals/code-analysis/quality-rules/ca1416) [Z:\insti\Proyecto - copia\Servicio pcs\InventariAgentSvc\InventariAgentSvc\InventariAgentSvc.csproj]
Z:\insti\Proyecto - copia\Servicio pcs\InventariAgentSvc\InventariAgentSvc\Services\FirebaseClient.cs(137,49): warning CA1416: Se puede acceder a este sitio de llamada en todas las plataformas. "ManagementObjectSearcher.Get()" solo se admite en 'windows'. (https://learn.microsoft.com/dotnet/fundamentals/code-analysis/quality-rules/ca1416) [Z:\insti\Proyecto - copia\Servicio pcs\InventariAgentSvc\InventariAgentSvc\InventariAgentSvc.csproj]
Z:\insti\Proyecto - copia\Servicio pcs\InventariAgentSvc\InventariAgentSvc\Services\FirebaseClient.cs(125,27): warning CA1416: Se puede acceder a este sitio de llamada en todas las plataformas. "ManagementBaseObject.this[string]" solo se admite en 'windows'. (https://learn.microsoft.com/dotnet/fundamentals/code-analysis/quality-rules/ca1416) [Z:\insti\Proyecto - copia\Servicio pcs\InventariAgentSvc\InventariAgentSvc\InventariAgentSvc.csproj]
Z:\insti\Proyecto - copia\Servicio pcs\InventariAgentSvc\InventariAgentSvc\Services\FirebaseClient.cs(122,33): warning CA1416: Se puede acceder a este sitio de llamada en todas las plataformas. "ManagementObjectSearcher" solo se admite en 'windows'. (https://learn.microsoft.com/dotnet/fundamentals/code-analysis/quality-rules/ca1416) [Z:\insti\Proyecto - copia\Servicio pcs\InventariAgentSvc\InventariAgentSvc\InventariAgentSvc.csproj]
Z:\insti\Proyecto - copia\Servicio pcs\InventariAgentSvc\InventariAgentSvc\Worker.cs(83,13): warning CA1416: Se puede acceder a este sitio de llamada en todas las plataformas. "AppBlocker.DeviceId" solo se admite en 'windows'. (https://learn.microsoft.com/dotnet/fundamentals/code-analysis/quality-rules/ca1416) [Z:\insti\Proyecto - copia\Servicio pcs\InventariAgentSvc\InventariAgentSvc\InventariAgentSvc.csproj]
Z:\insti\Proyecto - copia\Servicio pcs\InventariAgentSvc\InventariAgentSvc\Worker.cs(85,13): warning CA1416: Se puede acceder a este sitio de llamada en todas las plataformas. "AppBlocker.LoadPolicy(string)" solo se admite en 'windows'. (https://learn.microsoft.com/dotnet/fundamentals/code-analysis/quality-rules/ca1416) [Z:\insti\Proyecto - copia\Servicio pcs\InventariAgentSvc\InventariAgentSvc\InventariAgentSvc.csproj]
Z:\insti\Proyecto - copia\Servicio pcs\InventariAgentSvc\InventariAgentSvc\Worker.cs(86,13): warning CA1416: Se puede acceder a este sitio de llamada en todas las plataformas. "AppBlocker.Start()" solo se admite en 'windows'. (https://learn.microsoft.com/dotnet/fundamentals/code-analysis/quality-rules/ca1416) [Z:\insti\Proyecto - copia\Servicio pcs\InventariAgentSvc\InventariAgentSvc\InventariAgentSvc.csproj]
Z:\insti\Proyecto - copia\Servicio pcs\InventariAgentSvc\InventariAgentSvc\Worker.cs(82,13): warning CA1416: Se puede acceder a este sitio de llamada en todas las plataformas. "AppBlocker.Fb" solo se admite en 'windows'. (https://learn.microsoft.com/dotnet/fundamentals/code-analysis/quality-rules/ca1416) [Z:\insti\Proyecto - copia\Servicio pcs\InventariAgentSvc\InventariAgentSvc\InventariAgentSvc.csproj]

ERROR al compilar.

Z:\insti\Proyecto - copia\Servicio pcs\InventariAgentSvc\InventariAgentSvc\Services\SimpleFileLogger.cs(40,17): warning CS8767: La nulabilidad de los tipos de referencia del tipo de par├ímetro"exception" de "void SimpleFileLogger.Log<TState>(LogLevel logLevel, EventId eventId, TState state, Exception exception, Func<TState, Exception, string> formatter)" no coincide con el miembro "void ILogger.Log<TState>(LogLevel logLevel, EventId eventId, TState state, Exception? exception, Func<TState, Exception?, string> formatter)" implementado de forma impl├¡cita (posiblemente debido a los atributos de nulabilidad). [Z:\insti\Proyecto - copia\Servicio pcs\InventariAgentSvc\InventariAgentSvc\InventariAgentSvc.csproj]
Z:\insti\Proyecto - copia\Servicio pcs\InventariAgentSvc\InventariAgentSvc\Services\SimpleFileLogger.cs(36,24): warning CS8633: La nulabilidad de las restricciones del par├ímetro de tipo "TState" del m├®todo "SimpleFileLogger.BeginScope<TState>(TState)" no coincide con las restricciones del par├ímetro de tipo "TState" del m├®todo de interfaz "ILogger.BeginScope<TState>(TState)". Considere usar una implementaci├│n de interfaz expl├¡cita en su lugar. [Z:\insti\Proyecto - copia\Servicio pcs\InventariAgentSvc\InventariAgentSvc\InventariAgentSvc.csproj]
Z:\insti\Proyecto - copia\Servicio pcs\InventariAgentSvc\InventariAgentSvc\Services\SimpleFileLogger.cs(36,60): warning CS8603: Posible tipo de valor devuelto de referencia nulo. [Z:\insti\Proyecto - copia\Servicio pcs\InventariAgentSvc\InventariAgentSvc\InventariAgentSvc.csproj]
Z:\insti\Proyecto - copia\Servicio pcs\InventariAgentSvc\InventariAgentSvc\Services\SimpleFileLogger.cs(57,43): warning CS8604: Posible argumento de referencia nulo para el par├ímetro "path" en "DirectoryInfo Directory.CreateDirectory(string path)". [Z:\insti\Proyecto - copia\Servicio pcs\InventariAgentSvc\InventariAgentSvc\InventariAgentSvc.csproj]
Z:\insti\Proyecto - copia\Servicio pcs\InventariAgentSvc\InventariAgentSvc\Program.cs(131,35): warning CS8604: Posible argumento de referencia nulo para el par├ímetro "path" en "DirectoryInfo Directory.CreateDirectory(string path)". [Z:\insti\Proyecto - copia\Servicio pcs\InventariAgentSvc\InventariAgentSvc\InventariAgentSvc.csproj]
Z:\insti\Proyecto - copia\Servicio pcs\InventariAgentSvc\InventariAgentSvc\Services\AppBlocker.cs(293,30): warning CS8602: Desreferencia de una referencia posiblemente NULL. [Z:\insti\Proyecto - copia\Servicio pcs\InventariAgentSvc\InventariAgentSvc\InventariAgentSvc.csproj]
Z:\insti\Proyecto - copia\Servicio pcs\InventariAgentSvc\InventariAgentSvc\Services\MetricsCollector.cs(143,29): warning CA1416: Se puede acceder a este sitio de llamada en todas las plataformas. "PerformanceCounter" solo se admite en 'windows'. (https://learn.microsoft.com/dotnet/fundamentals/code-analysis/quality-rules/ca1416) [Z:\insti\Proyecto - copia\Servicio pcs\InventariAgentSvc\InventariAgentSvc\InventariAgentSvc.csproj]
Z:\insti\Proyecto - copia\Servicio pcs\InventariAgentSvc\InventariAgentSvc\Services\MetricsCollector.cs(160,20): warning CA1416: Se puede acceder a este sitio de llamada en todas las plataformas. "PerformanceCounter.NextValue()" solo se admite en 'windows'. (https://learn.microsoft.com/dotnet/fundamentals/code-analysis/quality-rules/ca1416) [Z:\insti\Proyecto - copia\Servicio pcs\InventariAgentSvc\InventariAgentSvc\InventariAgentSvc.csproj]
Z:\insti\Proyecto - copia\Servicio pcs\InventariAgentSvc\InventariAgentSvc\Services\MetricsCollector.cs(144,13): warning CA1416: Se puede acceder a este sitio de llamada en todas las plataformas. "PerformanceCounter.NextValue()" solo se admite en 'windows'. (https://learn.microsoft.com/dotnet/fundamentals/code-analysis/quality-rules/ca1416) [Z:\insti\Proyecto - copia\Servicio pcs\InventariAgentSvc\InventariAgentSvc\InventariAgentSvc.csproj]
Z:\insti\Proyecto - copia\Servicio pcs\InventariAgentSvc\InventariAgentSvc\Services\MetricsCollector.cs(159,29): warning CA1416: Se puede acceder a este sitio de llamada en todas las plataformas. "PerformanceCounter" solo se admite en 'windows'. (https://learn.microsoft.com/dotnet/fundamentals/code-analysis/quality-rules/ca1416) [Z:\insti\Proyecto - copia\Servicio pcs\InventariAgentSvc\InventariAgentSvc\InventariAgentSvc.csproj]
Z:\insti\Proyecto - copia\Servicio pcs\InventariAgentSvc\InventariAgentSvc\Services\MetricsCollector.cs(146,20): warning CA1416: Se puede acceder a este sitio de llamada en todas las plataformas. "PerformanceCounter.NextValue()" solo se admite en 'windows'. (https://learn.microsoft.com/dotnet/fundamentals/code-analysis/quality-rules/ca1416) [Z:\insti\Proyecto - copia\Servicio pcs\InventariAgentSvc\InventariAgentSvc\InventariAgentSvc.csproj]
Z:\insti\Proyecto - copia\Servicio pcs\InventariAgentSvc\InventariAgentSvc\Services\ProcessSnapshotper.cs(79,33): warning CA1416: Se puede acceder a este sitio de llamada en todas las plataformas. "ManagementObjectSearcher.Get()" solo se admite en 'windows'. (https://learn.microsoft.com/dotnet/fundamentals/code-analysis/quality-rules/ca1416) [Z:\insti\Proyecto - copia\Servicio pcs\InventariAgentSvc\InventariAgentSvc\InventariAgentSvc.csproj]
Z:\insti\Proyecto - copia\Servicio pcs\InventariAgentSvc\InventariAgentSvc\Services\ProcessSnapshotper.cs(81,37): warning CA1416: Se puede acceder a este sitio de llamada en todas las plataformas. "ManagementObject" solo se admite en 'windows'. (https://learn.microsoft.com/dotnet/fundamentals/code-analysis/quality-rules/ca1416) [Z:\insti\Proyecto - copia\Servicio pcs\InventariAgentSvc\InventariAgentSvc\InventariAgentSvc.csproj]
Z:\insti\Proyecto - copia\Servicio pcs\InventariAgentSvc\InventariAgentSvc\Services\ProcessSnapshotper.cs(76,34): warning CA1416: Se puede acceder a este sitio de llamada en todas las plataformas. "ManagementObjectSearcher" solo se admite en 'windows'. (https://learn.microsoft.com/dotnet/fundamentals/code-analysis/quality-rules/ca1416) [Z:\insti\Proyecto - copia\Servicio pcs\InventariAgentSvc\InventariAgentSvc\InventariAgentSvc.csproj]
Z:\insti\Proyecto - copia\Servicio pcs\InventariAgentSvc\InventariAgentSvc\Services\ProcessSnapshotper.cs(84,17): warning CA1416: Se puede acceder a este sitio de llamada en todas las plataformas. "ManagementObject.InvokeMethod(string, object[])" solo se admite en 'windows'. (https://learn.microsoft.com/dotnet/fundamentals/code-analysis/quality-rules/ca1416) [Z:\insti\Proyecto - copia\Servicio pcs\InventariAgentSvc\InventariAgentSvc\InventariAgentSvc.csproj]
Z:\insti\Proyecto - copia\Servicio pcs\InventariAgentSvc\InventariAgentSvc\Program.cs(29,1): warning CA1416: Se puede acceder a este sitio de llamada en todas las plataformas. "AppBlocker" solo se admite en 'windows'. (https://learn.microsoft.com/dotnet/fundamentals/code-analysis/quality-rules/ca1416) [Z:\insti\Proyecto - copia\Servicio pcs\InventariAgentSvc\InventariAgentSvc\InventariAgentSvc.csproj]
Z:\insti\Proyecto - copia\Servicio pcs\InventariAgentSvc\InventariAgentSvc\Services\FirebaseClient.cs(156,31): warning CA1416: Se puede acceder a este sitio de llamada en todas las plataformas. "ManagementBaseObject.this[string]" solo se admite en 'windows'. (https://learn.microsoft.com/dotnet/fundamentals/code-analysis/quality-rules/ca1416) [Z:\insti\Proyecto - copia\Servicio pcs\InventariAgentSvc\InventariAgentSvc\InventariAgentSvc.csproj]
Z:\insti\Proyecto - copia\Servicio pcs\InventariAgentSvc\InventariAgentSvc\Services\FirebaseClient.cs(132,27): warning CA1416: Se puede acceder a este sitio de llamada en todas las plataformas. "ManagementBaseObject.this[string]" solo se admite en 'windows'. (https://learn.microsoft.com/dotnet/fundamentals/code-analysis/quality-rules/ca1416) [Z:\insti\Proyecto - copia\Servicio pcs\InventariAgentSvc\InventariAgentSvc\InventariAgentSvc.csproj]
Z:\insti\Proyecto - copia\Servicio pcs\InventariAgentSvc\InventariAgentSvc\Services\FirebaseClient.cs(136,32): warning CA1416: Se puede acceder a este sitio de llamada en todas las plataformas. "ManagementObjectSearcher" solo se admite en 'windows'. (https://learn.microsoft.com/dotnet/fundamentals/code-analysis/quality-rules/ca1416) [Z:\insti\Proyecto - copia\Servicio pcs\InventariAgentSvc\InventariAgentSvc\InventariAgentSvc.csproj]
Z:\insti\Proyecto - copia\Servicio pcs\InventariAgentSvc\InventariAgentSvc\Services\FirebaseClient.cs(129,34): warning CA1416: Se puede acceder a este sitio de llamada en todas las plataformas. "ManagementObjectSearcher" solo se admite en 'windows'. (https://learn.microsoft.com/dotnet/fundamentals/code-analysis/quality-rules/ca1416) [Z:\insti\Proyecto - copia\Servicio pcs\InventariAgentSvc\InventariAgentSvc\InventariAgentSvc.csproj]
Z:\insti\Proyecto - copia\Servicio pcs\InventariAgentSvc\InventariAgentSvc\Services\FirebaseClient.cs(139,39): warning CA1416: Se puede acceder a este sitio de llamada en todas las plataformas. "ManagementBaseObject.this[string]" solo se admite en 'windows'. (https://learn.microsoft.com/dotnet/fundamentals/code-analysis/quality-rules/ca1416) [Z:\insti\Proyecto - copia\Servicio pcs\InventariAgentSvc\InventariAgentSvc\InventariAgentSvc.csproj]
Z:\insti\Proyecto - copia\Servicio pcs\InventariAgentSvc\InventariAgentSvc\Services\FirebaseClient.cs(153,49): warning CA1416: Se puede acceder a este sitio de llamada en todas las plataformas. "ManagementObjectSearcher.Get()" solo se admite en 'windows'. (https://learn.microsoft.com/dotnet/fundamentals/code-analysis/quality-rules/ca1416) [Z:\insti\Proyecto - copia\Servicio pcs\InventariAgentSvc\InventariAgentSvc\InventariAgentSvc.csproj]
Z:\insti\Proyecto - copia\Servicio pcs\InventariAgentSvc\InventariAgentSvc\Services\FirebaseClient.cs(130,49): warning CA1416: Se puede acceder a este sitio de llamada en todas las plataformas. "ManagementObjectSearcher.Get()" solo se admite en 'windows'. (https://learn.microsoft.com/dotnet/fundamentals/code-analysis/quality-rules/ca1416) [Z:\insti\Proyecto - copia\Servicio pcs\InventariAgentSvc\InventariAgentSvc\InventariAgentSvc.csproj]
Z:\insti\Proyecto - copia\Servicio pcs\InventariAgentSvc\InventariAgentSvc\Services\FirebaseClient.cs(123,49): warning CA1416: Se puede acceder a este sitio de llamada en todas las plataformas. "ManagementObjectSearcher.Get()" solo se admite en 'windows'. (https://learn.microsoft.com/dotnet/fundamentals/code-analysis/quality-rules/ca1416) [Z:\insti\Proyecto - copia\Servicio pcs\InventariAgentSvc\InventariAgentSvc\InventariAgentSvc.csproj]
Z:\insti\Proyecto - copia\Servicio pcs\InventariAgentSvc\InventariAgentSvc\Services\FirebaseClient.cs(152,41): warning CA1416: Se puede acceder a este sitio de llamada en todas las plataformas. "ManagementObjectSearcher" solo se admite en 'windows'. (https://learn.microsoft.com/dotnet/fundamentals/code-analysis/quality-rules/ca1416) [Z:\insti\Proyecto - copia\Servicio pcs\InventariAgentSvc\InventariAgentSvc\InventariAgentSvc.csproj]
Z:\insti\Proyecto - copia\Servicio pcs\InventariAgentSvc\InventariAgentSvc\Services\FirebaseClient.cs(155,31): warning CA1416: Se puede acceder a este sitio de llamada en todas las plataformas. "ManagementBaseObject.this[string]" solo se admite en 'windows'. (https://learn.microsoft.com/dotnet/fundamentals/code-analysis/quality-rules/ca1416) [Z:\insti\Proyecto - copia\Servicio pcs\InventariAgentSvc\InventariAgentSvc\InventariAgentSvc.csproj]
Z:\insti\Proyecto - copia\Servicio pcs\InventariAgentSvc\InventariAgentSvc\Services\FirebaseClient.cs(137,49): warning CA1416: Se puede acceder a este sitio de llamada en todas las plataformas. "ManagementObjectSearcher.Get()" solo se admite en 'windows'. (https://learn.microsoft.com/dotnet/fundamentals/code-analysis/quality-rules/ca1416) [Z:\insti\Proyecto - copia\Servicio pcs\InventariAgentSvc\InventariAgentSvc\InventariAgentSvc.csproj]
Z:\insti\Proyecto - copia\Servicio pcs\InventariAgentSvc\InventariAgentSvc\Services\FirebaseClient.cs(125,27): warning CA1416: Se puede acceder a este sitio de llamada en todas las plataformas. "ManagementBaseObject.this[string]" solo se admite en 'windows'. (https://learn.microsoft.com/dotnet/fundamentals/code-analysis/quality-rules/ca1416) [Z:\insti\Proyecto - copia\Servicio pcs\InventariAgentSvc\InventariAgentSvc\InventariAgentSvc.csproj]
Z:\insti\Proyecto - copia\Servicio pcs\InventariAgentSvc\InventariAgentSvc\Services\FirebaseClient.cs(122,33): warning CA1416: Se puede acceder a este sitio de llamada en todas las plataformas. "ManagementObjectSearcher" solo se admite en 'windows'. (https://learn.microsoft.com/dotnet/fundamentals/code-analysis/quality-rules/ca1416) [Z:\insti\Proyecto - copia\Servicio pcs\InventariAgentSvc\InventariAgentSvc\InventariAgentSvc.csproj]
Z:\insti\Proyecto - copia\Servicio pcs\InventariAgentSvc\InventariAgentSvc\Worker.cs(83,13): warning CA1416: Se puede acceder a este sitio de llamada en todas las plataformas. "AppBlocker.DeviceId" solo se admite en 'windows'. (https://learn.microsoft.com/dotnet/fundamentals/code-analysis/quality-rules/ca1416) [Z:\insti\Proyecto - copia\Servicio pcs\InventariAgentSvc\InventariAgentSvc\InventariAgentSvc.csproj]
Z:\insti\Proyecto - copia\Servicio pcs\InventariAgentSvc\InventariAgentSvc\Worker.cs(85,13): warning CA1416: Se puede acceder a este sitio de llamada en todas las plataformas. "AppBlocker.LoadPolicy(string)" solo se admite en 'windows'. (https://learn.microsoft.com/dotnet/fundamentals/code-analysis/quality-rules/ca1416) [Z:\insti\Proyecto - copia\Servicio pcs\InventariAgentSvc\InventariAgentSvc\InventariAgentSvc.csproj]
Z:\insti\Proyecto - copia\Servicio pcs\InventariAgentSvc\InventariAgentSvc\Worker.cs(86,13): warning CA1416: Se puede acceder a este sitio de llamada en todas las plataformas. "AppBlocker.Start()" solo se admite en 'windows'. (https://learn.microsoft.com/dotnet/fundamentals/code-analysis/quality-rules/ca1416) [Z:\insti\Proyecto - copia\Servicio pcs\InventariAgentSvc\InventariAgentSvc\InventariAgentSvc.csproj]
Z:\insti\Proyecto - copia\Servicio pcs\InventariAgentSvc\InventariAgentSvc\Worker.cs(82,13): warning CA1416: Se puede acceder a este sitio de llamada en todas las plataformas. "AppBlocker.Fb" solo se admite en 'windows'. (https://learn.microsoft.com/dotnet/fundamentals/code-analysis/quality-rules/ca1416) [Z:\insti\Proyecto - copia\Servicio pcs\InventariAgentSvc\InventariAgentSvc\InventariAgentSvc.csproj]
Z:\insti\Proyecto - copia\Servicio pcs\InventariAgentSvc\InventariAgentSvc\Services\AppBlocker.cs(118,13): error CS0103: El nombre 'appCategory' no existe en el contexto actual [Z:\insti\Proyecto - copia\Servicio pcs\InventariAgentSvc\InventariAgentSvc\InventariAgentSvc.csproj]
Z:\insti\Proyecto - copia\Servicio pcs\InventariAgentSvc\InventariAgentSvc\Services\AppBlocker.cs(120,43): error CS0103: El nombre 'appCategory' no existe en el contexto actual [Z:\insti\Proyecto - copia\Servicio pcs\InventariAgentSvc\InventariAgentSvc\InventariAgentSvc.csproj]
Z:\insti\Proyecto - copia\Servicio pcs\InventariAgentSvc\InventariAgentSvc\Services\AppBlocker.cs(126,114): error CS0103: El nombre 'appCategory' no existe en el contexto actual [Z:\insti\Proyecto - copia\Servicio pcs\InventariAgentSvc\InventariAgentSvc\InventariAgentSvc.csproj]
Z:\insti\Proyecto - copia\Servicio pcs\InventariAgentSvc\InventariAgentSvc\Services\AppBlocker.cs(135,55): error CS0103: El nombre 'appCategory' no existe en el contexto actual [Z:\insti\Proyecto - copia\Servicio pcs\InventariAgentSvc\InventariAgentSvc\InventariAgentSvc.csproj]
    33 Advertencia(s)
    4 Errores

Tiempo transcurrido 00:00:01.03
